rlfrr9e FrutigerLinotype-Roman "T1Encoding-frutiger ReEncodeFont" <[t1-frutiger.enc <frutiger.ttf
rlfrri9e FrutigerLinotype-Italic "T1Encoding-frutiger ReEncodeFont" <[t1-frutiger.enc <frutit.ttf
rlfrb9e FrutigerLinotype-Bold "T1Encoding-frutiger ReEncodeFont" <[t1-frutiger.enc <frutbd.ttf
rlfrbi9e FrutigerLinotype-BoldItalic "T1Encoding-frutiger ReEncodeFont" <[t1-frutiger.enc <frutz.ttf
rlfrrj9d FrutigerLinotype-Roman "T1Encodingj-frutiger ReEncodeFont" <[t1j-frutiger.enc <frutiger.ttf
rlfrrij9d FrutigerLinotype-Italic "T1Encodingj-frutiger ReEncodeFont" <[t1j-frutiger.enc <frutit.ttf
rlfrbj9d FrutigerLinotype-Bold "T1Encodingj-frutiger ReEncodeFont" <[t1j-frutiger.enc <frutbd.ttf
rlfrbij9d FrutigerLinotype-BoldItalic "T1Encodingj-frutiger ReEncodeFont" <[t1j-frutiger.enc <frutz.ttf
rlfrr9c FrutigerLinotype-Roman "TS1Encoding-frutiger ReEncodeFont" <[ts1-frutiger.enc <frutiger.ttf
rlfrri9c FrutigerLinotype-Italic "TS1Encoding-frutiger ReEncodeFont" <[ts1-frutiger.enc <frutit.ttf
rlfrb9c FrutigerLinotype-Bold "TS1Encoding-frutiger ReEncodeFont" <[ts1-frutiger.enc <frutbd.ttf
rlfrbi9c FrutigerLinotype-BoldItalic "TS1Encoding-frutiger ReEncodeFont" <[ts1-frutiger.enc <frutz.ttf
